../Core/Src/main.c:82:5:main	24	static
../Core/Src/main.c:149:6:SysTick_Handler	8	static
../Core/Src/main.c:154:6:TIM2_IRQHandler	4	static
../Core/Src/main.c:168:6:TIM3_IRQHandler	4	static
../Core/Src/main.c:177:6:TIM4_IRQHandler	8	static
../Core/Src/main.c:189:6:TIM1_BRK_TIM15_IRQHandler	4	static
../Core/Src/main.c:209:6:SystemClock_Config	160	static
../Core/Src/main.c:252:13:MX_USART2_UART_Init	8	static
../Core/Src/main.c:285:13:MX_GPIO_Init	48	static
../Core/Src/main.c:323:6:Error_Handler	4	static,ignoring_inline_asm
